Component: ARM Compiler 5.06 update 7 (build 960) Tool: armlink [4d3601]

==============================================================================

Section Cross References

    startup_stm32f10x_md.o(RESET) refers to startup_stm32f10x_md.o(STACK) for __initial_sp
    startup_stm32f10x_md.o(RESET) refers to startup_stm32f10x_md.o(.text) for Reset_Handler
    startup_stm32f10x_md.o(RESET) refers to stm32f10x_it.o(.text) for NMI_Handler
    startup_stm32f10x_md.o(RESET) refers to bsp_timer.o(.text) for TIM2_IRQHandler
    startup_stm32f10x_md.o(.text) refers to system_stm32f10x.o(.text) for SystemInit
    startup_stm32f10x_md.o(.text) refers to entry.o(.ARM.Collect$$$$00000000) for __main
    system_stm32f10x.o(.text) refers to system_stm32f10x.o(.data) for SystemCoreClock
    stm32f10x_adc.o(.text) refers to stm32f10x_rcc.o(.text) for RCC_APB2PeriphResetCmd
    stm32f10x_bkp.o(.text) refers to stm32f10x_rcc.o(.text) for RCC_BackupResetCmd
    stm32f10x_can.o(.text) refers to stm32f10x_rcc.o(.text) for RCC_APB1PeriphResetCmd
    stm32f10x_cec.o(.text) refers to stm32f10x_rcc.o(.text) for RCC_APB1PeriphResetCmd
    stm32f10x_dac.o(.text) refers to stm32f10x_rcc.o(.text) for RCC_APB1PeriphResetCmd
    stm32f10x_gpio.o(.text) refers to stm32f10x_rcc.o(.text) for RCC_APB2PeriphResetCmd
    stm32f10x_i2c.o(.text) refers to stm32f10x_rcc.o(.text) for RCC_APB1PeriphResetCmd
    stm32f10x_pwr.o(.text) refers to stm32f10x_rcc.o(.text) for RCC_APB1PeriphResetCmd
    stm32f10x_rcc.o(.text) refers to stm32f10x_rcc.o(.data) for APBAHBPrescTable
    stm32f10x_spi.o(.text) refers to stm32f10x_rcc.o(.text) for RCC_APB2PeriphResetCmd
    stm32f10x_tim.o(.text) refers to stm32f10x_rcc.o(.text) for RCC_APB2PeriphResetCmd
    stm32f10x_usart.o(.text) refers to stm32f10x_rcc.o(.text) for RCC_APB2PeriphResetCmd
    stm32f10x_wwdg.o(.text) refers to stm32f10x_rcc.o(.text) for RCC_APB1PeriphResetCmd
    main.o(.text) refers to misc.o(.text) for NVIC_PriorityGroupConfig
    main.o(.text) refers to bsp_led.o(.text) for LED_GPIO_Config
    main.o(.text) refers to bsp_usart.o(.text) for USART_Config
    main.o(.text) refers to bsp_oled.o(.text) for I2C_Configuration
    main.o(.text) refers to bsp_w25q64.o(.text) for SPI1_Init
    main.o(.text) refers to bsp_timer.o(.text) for TIM2_Init
    main.o(.text) refers to pwm_timer.o(.text) for bsp_pwm_init
    main.o(.text) refers to main.o(.data) for Write_data
    main.o(.text) refers to main.o(.bss) for Read_data
    stm32f10x_it.o(.text) refers to port.o(.text) for xPortSysTickHandler
    bsp_led.o(.text) refers to stm32f10x_rcc.o(.text) for RCC_APB2PeriphClockCmd
    bsp_led.o(.text) refers to stm32f10x_gpio.o(.text) for GPIO_Init
    bsp_usart.o(.text) refers to misc.o(.text) for NVIC_PriorityGroupConfig
    bsp_usart.o(.text) refers to stm32f10x_rcc.o(.text) for RCC_APB2PeriphClockCmd
    bsp_usart.o(.text) refers to stm32f10x_gpio.o(.text) for GPIO_Init
    bsp_usart.o(.text) refers to stm32f10x_usart.o(.text) for USART_Init
    bsp_oled.o(.text) refers to stm32f10x_rcc.o(.text) for RCC_APB2PeriphClockCmd
    bsp_oled.o(.text) refers to stm32f10x_gpio.o(.text) for GPIO_Init
    bsp_oled.o(.text) refers to stm32f10x_i2c.o(.text) for I2C_DeInit
    bsp_oled.o(.text) refers to delay.o(.text) for delay_us
    bsp_oled.o(.text) refers to bsp_oled.o(.constdata) for F6x8
    bsp_w25q64.o(.text) refers to stm32f10x_rcc.o(.text) for RCC_APB2PeriphClockCmd
    bsp_w25q64.o(.text) refers to stm32f10x_gpio.o(.text) for GPIO_Init
    bsp_w25q64.o(.text) refers to stm32f10x_spi.o(.text) for SPI_I2S_GetFlagStatus
    pwm_timer.o(.text) refers to stm32f10x_rcc.o(.text) for RCC_APB2PeriphClockCmd
    pwm_timer.o(.text) refers to stm32f10x_gpio.o(.text) for GPIO_StructInit
    pwm_timer.o(.text) refers to stm32f10x_tim.o(.text) for TIM_TimeBaseStructInit
    bsp_timer.o(.text) refers to stm32f10x_rcc.o(.text) for RCC_APB1PeriphClockCmd
    bsp_timer.o(.text) refers to stm32f10x_tim.o(.text) for TIM_TimeBaseInit
    bsp_timer.o(.text) refers to misc.o(.text) for NVIC_Init
    port.o(.emb_text) refers to tasks.o(.text) for vTaskSwitchContext
    port.o(.emb_text) refers to tasks.o(.data) for pxCurrentTCB
    port.o(.text) refers to port.o(.emb_text) for __asm___6_port_c_39a90d8d__prvStartFirstTask
    port.o(.text) refers to tasks.o(.text) for xTaskIncrementTick
    port.o(.text) refers to port.o(.data) for uxCriticalNesting
    heap_4.o(.text) refers to tasks.o(.text) for vTaskSuspendAll
    heap_4.o(.text) refers to heap_4.o(.data) for xStart
    heap_4.o(.text) refers to heap_4.o(.bss) for ucHeap
    event_groups.o(.text) refers to heap_4.o(.text) for pvPortMalloc
    event_groups.o(.text) refers to list.o(.text) for vListInitialise
    event_groups.o(.text) refers to tasks.o(.text) for vTaskSuspendAll
    event_groups.o(.text) refers to port.o(.text) for vPortEnterCritical
    queue.o(.text) refers to port.o(.text) for vPortEnterCritical
    queue.o(.text) refers to tasks.o(.text) for xTaskRemoveFromEventList
    queue.o(.text) refers to list.o(.text) for vListInitialise
    queue.o(.text) refers to heap_4.o(.text) for pvPortMalloc
    queue.o(.text) refers to memcpya.o(.text) for __aeabi_memcpy
    tasks.o(.text) refers to list.o(.text) for vListInitialise
    tasks.o(.text) refers to port.o(.text) for vPortEnterCritical
    tasks.o(.text) refers to heap_4.o(.text) for pvPortMalloc
    tasks.o(.text) refers to tasks.o(.bss) for pxReadyTasksLists
    tasks.o(.text) refers to tasks.o(.data) for pxDelayedTaskList
    entry.o(.ARM.Collect$$$$00000000) refers (Special) to entry10a.o(.ARM.Collect$$$$0000000F) for __rt_final_cpp
    entry.o(.ARM.Collect$$$$00000000) refers (Special) to entry11a.o(.ARM.Collect$$$$00000011) for __rt_final_exit
    entry.o(.ARM.Collect$$$$00000000) refers (Special) to entry12b.o(.ARM.Collect$$$$0000000E) for __rt_lib_shutdown_fini
    entry.o(.ARM.Collect$$$$00000000) refers (Special) to entry7b.o(.ARM.Collect$$$$00000008) for _main_clock
    entry.o(.ARM.Collect$$$$00000000) refers (Special) to entry8b.o(.ARM.Collect$$$$0000000A) for _main_cpp_init
    entry.o(.ARM.Collect$$$$00000000) refers (Special) to entry9a.o(.ARM.Collect$$$$0000000B) for _main_init
    entry.o(.ARM.Collect$$$$00000000) refers (Special) to entry5.o(.ARM.Collect$$$$00000004) for _main_scatterload
    entry.o(.ARM.Collect$$$$00000000) refers (Special) to entry2.o(.ARM.Collect$$$$00000001) for _main_stk
    entry2.o(.ARM.Collect$$$$00000001) refers to entry2.o(.ARM.Collect$$$$00002712) for __lit__00000000
    entry2.o(.ARM.Collect$$$$00002712) refers to startup_stm32f10x_md.o(STACK) for __initial_sp
    entry2.o(__vectab_stack_and_reset_area) refers to startup_stm32f10x_md.o(STACK) for __initial_sp
    entry2.o(__vectab_stack_and_reset_area) refers to entry.o(.ARM.Collect$$$$00000000) for __main
    entry5.o(.ARM.Collect$$$$00000004) refers to init.o(.text) for __scatterload
    entry9a.o(.ARM.Collect$$$$0000000B) refers to main.o(.text) for main
    entry9b.o(.ARM.Collect$$$$0000000C) refers to main.o(.text) for main
    init.o(.text) refers to entry5.o(.ARM.Collect$$$$00000004) for __main_after_scatterload


==============================================================================

Removing Unused input sections from the image.

    Removing startup_stm32f10x_md.o(HEAP), (512 bytes).
    Removing core_cm3.o(.emb_text), (32 bytes).
    Removing stm32f10x_adc.o(.text), (1102 bytes).
    Removing stm32f10x_bkp.o(.text), (196 bytes).
    Removing stm32f10x_can.o(.text), (2544 bytes).
    Removing stm32f10x_cec.o(.text), (288 bytes).
    Removing stm32f10x_crc.o(.text), (72 bytes).
    Removing stm32f10x_dac.o(.text), (396 bytes).
    Removing stm32f10x_dbgmcu.o(.text), (48 bytes).
    Removing stm32f10x_dma.o(.text), (596 bytes).
    Removing stm32f10x_exti.o(.text), (284 bytes).
    Removing stm32f10x_flash.o(.text), (1468 bytes).
    Removing stm32f10x_fsmc.o(.text), (1548 bytes).
    Removing stm32f10x_iwdg.o(.text), (64 bytes).
    Removing stm32f10x_pwr.o(.text), (204 bytes).
    Removing stm32f10x_rtc.o(.text), (328 bytes).
    Removing stm32f10x_sdio.o(.text), (468 bytes).
    Removing stm32f10x_wwdg.o(.text), (136 bytes).
    Removing bsp_w25q64.o(.bss), (4096 bytes).
    Removing bsp_timer.o(.data), (4 bytes).
    Removing event_groups.o(.text), (708 bytes).
    Removing queue.o(.text), (1696 bytes).

22 unused section(s) (total 16790 bytes) removed from the image.

==============================================================================

Image Symbol Table

    Local Symbols

    Symbol Name                              Value     Ov Type        Size  Object(Section)

    ../clib/microlib/init/entry.s            0x00000000   Number         0  entry2.o ABSOLUTE
    ../clib/microlib/init/entry.s            0x00000000   Number         0  entry7b.o ABSOLUTE
    ../clib/microlib/init/entry.s            0x00000000   Number         0  entry11a.o ABSOLUTE
    ../clib/microlib/init/entry.s            0x00000000   Number         0  entry7a.o ABSOLUTE
    ../clib/microlib/init/entry.s            0x00000000   Number         0  entry10b.o ABSOLUTE
    ../clib/microlib/init/entry.s            0x00000000   Number         0  entry10a.o ABSOLUTE
    ../clib/microlib/init/entry.s            0x00000000   Number         0  entry9b.o ABSOLUTE
    ../clib/microlib/init/entry.s            0x00000000   Number         0  entry5.o ABSOLUTE
    ../clib/microlib/init/entry.s            0x00000000   Number         0  entry.o ABSOLUTE
    ../clib/microlib/init/entry.s            0x00000000   Number         0  entry8b.o ABSOLUTE
    ../clib/microlib/init/entry.s            0x00000000   Number         0  entry9a.o ABSOLUTE
    ../clib/microlib/init/entry.s            0x00000000   Number         0  entry8a.o ABSOLUTE
    ../clib/microlib/init/entry.s            0x00000000   Number         0  entry12b.o ABSOLUTE
    ../clib/microlib/init/entry.s            0x00000000   Number         0  entry12a.o ABSOLUTE
    ../clib/microlib/init/entry.s            0x00000000   Number         0  entry11b.o ABSOLUTE
    ../clib/microlib/string/memcpy.c         0x00000000   Number         0  memcpyb.o ABSOLUTE
    ../clib/microlib/string/memcpy.c         0x00000000   Number         0  memcpya.o ABSOLUTE
    ..\..\FreeRTOS\port\MemMang\heap_4.c     0x00000000   Number         0  heap_4.o ABSOLUTE
    ..\..\FreeRTOS\port\RVDS\ARM_CM3\port.c  0x00000000   Number         0  port.o ABSOLUTE
    ..\..\FreeRTOS\src\croutine.c            0x00000000   Number         0  croutine.o ABSOLUTE
    ..\..\FreeRTOS\src\event_groups.c        0x00000000   Number         0  event_groups.o ABSOLUTE
    ..\..\FreeRTOS\src\list.c                0x00000000   Number         0  list.o ABSOLUTE
    ..\..\FreeRTOS\src\queue.c               0x00000000   Number         0  queue.o ABSOLUTE
    ..\..\FreeRTOS\src\tasks.c               0x00000000   Number         0  tasks.o ABSOLUTE
    ..\..\FreeRTOS\src\timers.c              0x00000000   Number         0  timers.o ABSOLUTE
    ..\..\Libraries\CMSIS\core_cm3.c         0x00000000   Number         0  core_cm3.o ABSOLUTE
    ..\..\Libraries\CMSIS\startup\startup_stm32f10x_md.s 0x00000000   Number         0  startup_stm32f10x_md.o ABSOLUTE
    ..\..\Libraries\CMSIS\system_stm32f10x.c 0x00000000   Number         0  system_stm32f10x.o ABSOLUTE
    ..\..\Libraries\FWlib\src\misc.c         0x00000000   Number         0  misc.o ABSOLUTE
    ..\..\Libraries\FWlib\src\stm32f10x_adc.c 0x00000000   Number         0  stm32f10x_adc.o ABSOLUTE
    ..\..\Libraries\FWlib\src\stm32f10x_bkp.c 0x00000000   Number         0  stm32f10x_bkp.o ABSOLUTE
    ..\..\Libraries\FWlib\src\stm32f10x_can.c 0x00000000   Number         0  stm32f10x_can.o ABSOLUTE
    ..\..\Libraries\FWlib\src\stm32f10x_cec.c 0x00000000   Number         0  stm32f10x_cec.o ABSOLUTE
    ..\..\Libraries\FWlib\src\stm32f10x_crc.c 0x00000000   Number         0  stm32f10x_crc.o ABSOLUTE
    ..\..\Libraries\FWlib\src\stm32f10x_dac.c 0x00000000   Number         0  stm32f10x_dac.o ABSOLUTE
    ..\..\Libraries\FWlib\src\stm32f10x_dbgmcu.c 0x00000000   Number         0  stm32f10x_dbgmcu.o ABSOLUTE
    ..\..\Libraries\FWlib\src\stm32f10x_dma.c 0x00000000   Number         0  stm32f10x_dma.o ABSOLUTE
    ..\..\Libraries\FWlib\src\stm32f10x_exti.c 0x00000000   Number         0  stm32f10x_exti.o ABSOLUTE
    ..\..\Libraries\FWlib\src\stm32f10x_flash.c 0x00000000   Number         0  stm32f10x_flash.o ABSOLUTE
    ..\..\Libraries\FWlib\src\stm32f10x_fsmc.c 0x00000000   Number         0  stm32f10x_fsmc.o ABSOLUTE
    ..\..\Libraries\FWlib\src\stm32f10x_gpio.c 0x00000000   Number         0  stm32f10x_gpio.o ABSOLUTE
    ..\..\Libraries\FWlib\src\stm32f10x_i2c.c 0x00000000   Number         0  stm32f10x_i2c.o ABSOLUTE
    ..\..\Libraries\FWlib\src\stm32f10x_iwdg.c 0x00000000   Number         0  stm32f10x_iwdg.o ABSOLUTE
    ..\..\Libraries\FWlib\src\stm32f10x_pwr.c 0x00000000   Number         0  stm32f10x_pwr.o ABSOLUTE
    ..\..\Libraries\FWlib\src\stm32f10x_rcc.c 0x00000000   Number         0  stm32f10x_rcc.o ABSOLUTE
    ..\..\Libraries\FWlib\src\stm32f10x_rtc.c 0x00000000   Number         0  stm32f10x_rtc.o ABSOLUTE
    ..\..\Libraries\FWlib\src\stm32f10x_sdio.c 0x00000000   Number         0  stm32f10x_sdio.o ABSOLUTE
    ..\..\Libraries\FWlib\src\stm32f10x_spi.c 0x00000000   Number         0  stm32f10x_spi.o ABSOLUTE
    ..\..\Libraries\FWlib\src\stm32f10x_tim.c 0x00000000   Number         0  stm32f10x_tim.o ABSOLUTE
    ..\..\Libraries\FWlib\src\stm32f10x_usart.c 0x00000000   Number         0  stm32f10x_usart.o ABSOLUTE
    ..\..\Libraries\FWlib\src\stm32f10x_wwdg.c 0x00000000   Number         0  stm32f10x_wwdg.o ABSOLUTE
    ..\..\User\Led\bsp_led.c                 0x00000000   Number         0  bsp_led.o ABSOLUTE
    ..\..\User\led\bsp_light.c               0x00000000   Number         0  bsp_light.o ABSOLUTE
    ..\..\User\led\bsp_oled.c                0x00000000   Number         0  bsp_oled.o ABSOLUTE
    ..\..\User\led\bsp_temperature.c         0x00000000   Number         0  bsp_temperature.o ABSOLUTE
    ..\..\User\led\bsp_timer.c               0x00000000   Number         0  bsp_timer.o ABSOLUTE
    ..\..\User\led\bsp_usart.c               0x00000000   Number         0  bsp_usart.o ABSOLUTE
    ..\..\User\led\bsp_w25q64.c              0x00000000   Number         0  bsp_w25q64.o ABSOLUTE
    ..\..\User\led\delay.c                   0x00000000   Number         0  delay.o ABSOLUTE
    ..\..\User\led\pwm_timer.c               0x00000000   Number         0  pwm_timer.o ABSOLUTE
    ..\..\User\main.c                        0x00000000   Number         0  main.o ABSOLUTE
    ..\..\User\stm32f10x_it.c                0x00000000   Number         0  stm32f10x_it.o ABSOLUTE
    ..\\..\\FreeRTOS\\port\\RVDS\\ARM_CM3\\port.c 0x00000000   Number         0  port.o ABSOLUTE
    ..\\..\\Libraries\\CMSIS\\core_cm3.c     0x00000000   Number         0  core_cm3.o ABSOLUTE
    dc.s                                     0x00000000   Number         0  dc.o ABSOLUTE
    handlers.s                               0x00000000   Number         0  handlers.o ABSOLUTE
    init.s                                   0x00000000   Number         0  init.o ABSOLUTE
    RESET                                    0x08000000   Section      236  startup_stm32f10x_md.o(RESET)
    .ARM.Collect$$$$00000000                 0x080000ec   Section        0  entry.o(.ARM.Collect$$$$00000000)
    .ARM.Collect$$$$00000001                 0x080000ec   Section        4  entry2.o(.ARM.Collect$$$$00000001)
    .ARM.Collect$$$$00000004                 0x080000f0   Section        4  entry5.o(.ARM.Collect$$$$00000004)
    .ARM.Collect$$$$00000008                 0x080000f4   Section        0  entry7b.o(.ARM.Collect$$$$00000008)
    .ARM.Collect$$$$0000000A                 0x080000f4   Section        0  entry8b.o(.ARM.Collect$$$$0000000A)
    .ARM.Collect$$$$0000000B                 0x080000f4   Section        8  entry9a.o(.ARM.Collect$$$$0000000B)
    .ARM.Collect$$$$0000000E                 0x080000fc   Section        4  entry12b.o(.ARM.Collect$$$$0000000E)
    .ARM.Collect$$$$0000000F                 0x08000100   Section        0  entry10a.o(.ARM.Collect$$$$0000000F)
    .ARM.Collect$$$$00000011                 0x08000100   Section        0  entry11a.o(.ARM.Collect$$$$00000011)
    .ARM.Collect$$$$00002712                 0x08000100   Section        4  entry2.o(.ARM.Collect$$$$00002712)
    __lit__00000000                          0x08000100   Data           4  entry2.o(.ARM.Collect$$$$00002712)
    .emb_text                                0x08000104   Section      150  port.o(.emb_text)
    .text                                    0x0800019c   Section       36  startup_stm32f10x_md.o(.text)
    .text                                    0x080001c0   Section        0  system_stm32f10x.o(.text)
    SetSysClockTo72                          0x080001c1   Thumb Code   214  system_stm32f10x.o(.text)
    SetSysClock                              0x08000297   Thumb Code     8  system_stm32f10x.o(.text)
    .text                                    0x080003a0   Section        0  misc.o(.text)
    .text                                    0x0800047c   Section        0  stm32f10x_gpio.o(.text)
    .text                                    0x080007d8   Section        0  stm32f10x_i2c.o(.text)
    .text                                    0x08000bdc   Section        0  stm32f10x_rcc.o(.text)
    .text                                    0x08000f80   Section        0  stm32f10x_spi.o(.text)
    .text                                    0x0800128c   Section        0  stm32f10x_tim.o(.text)
    TI4_Config                               0x08001733   Thumb Code   130  stm32f10x_tim.o(.text)
    TI3_Config                               0x080017c7   Thumb Code   122  stm32f10x_tim.o(.text)
    TI2_Config                               0x0800185b   Thumb Code   130  stm32f10x_tim.o(.text)
    TI1_Config                               0x080018ef   Thumb Code   108  stm32f10x_tim.o(.text)
    .text                                    0x080020a8   Section        0  stm32f10x_usart.o(.text)
    .text                                    0x080024b0   Section        0  main.o(.text)
    .text                                    0x08002524   Section        0  stm32f10x_it.o(.text)
    .text                                    0x08002540   Section        0  bsp_led.o(.text)
    .text                                    0x080025a0   Section        0  bsp_usart.o(.text)
    NVIC_Configuration                       0x080025a1   Thumb Code    38  bsp_usart.o(.text)
    .text                                    0x08002744   Section        0  delay.o(.text)
    .text                                    0x080027b4   Section        0  bsp_oled.o(.text)
    .text                                    0x08002b04   Section        0  bsp_w25q64.o(.text)
    SPI1_GPIO_Config                         0x08002b05   Thumb Code    70  bsp_w25q64.o(.text)
    .text                                    0x08002efc   Section        0  pwm_timer.o(.text)
    .text                                    0x08003070   Section        0  bsp_timer.o(.text)
    .text                                    0x080030ec   Section        0  port.o(.text)
    prvTaskExitError                         0x080030ed   Thumb Code    22  port.o(.text)
    .text                                    0x080031d4   Section        0  heap_4.o(.text)
    prvInsertBlockIntoFreeList               0x080031d5   Thumb Code    96  heap_4.o(.text)
    prvHeapInit                              0x08003235   Thumb Code    98  heap_4.o(.text)
    .text                                    0x080033b8   Section        0  list.o(.text)
    .text                                    0x0800344c   Section        0  tasks.o(.text)
    prvInitialiseTaskLists                   0x0800344d   Thumb Code    70  tasks.o(.text)
    prvAddNewTaskToReadyList                 0x08003493   Thumb Code   150  tasks.o(.text)
    prvInitialiseNewTask                     0x08003529   Thumb Code   128  tasks.o(.text)
    prvResetNextTaskUnblockTime              0x08003609   Thumb Code    42  tasks.o(.text)
    prvDeleteTCB                             0x08003633   Thumb Code    18  tasks.o(.text)
    prvAddCurrentTaskToDelayedList           0x080038f5   Thumb Code   124  tasks.o(.text)
    prvTaskIsTaskSuspended                   0x08003c2b   Thumb Code    56  tasks.o(.text)
    prvCheckTasksWaitingTermination          0x08003d8f   Thumb Code    86  tasks.o(.text)
    prvIdleTask                              0x08003de5   Thumb Code    32  tasks.o(.text)
    .text                                    0x080043ec   Section       36  init.o(.text)
    i.__scatterload_copy                     0x08004410   Section       14  handlers.o(i.__scatterload_copy)
    i.__scatterload_null                     0x0800441e   Section        2  handlers.o(i.__scatterload_null)
    i.__scatterload_zeroinit                 0x08004420   Section       14  handlers.o(i.__scatterload_zeroinit)
    .constdata                               0x0800442e   Section     2072  bsp_oled.o(.constdata)
    .data                                    0x20000000   Section       20  system_stm32f10x.o(.data)
    .data                                    0x20000014   Section       20  stm32f10x_rcc.o(.data)
    APBAHBPrescTable                         0x20000014   Data          16  stm32f10x_rcc.o(.data)
    ADCPrescTable                            0x20000024   Data           4  stm32f10x_rcc.o(.data)
    .data                                    0x20000028   Section       20  main.o(.data)
    .data                                    0x2000003c   Section        4  port.o(.data)
    uxCriticalNesting                        0x2000003c   Data           4  port.o(.data)
    .data                                    0x20000040   Section       24  heap_4.o(.data)
    xStart                                   0x20000040   Data           8  heap_4.o(.data)
    pxEnd                                    0x20000048   Data           4  heap_4.o(.data)
    xFreeBytesRemaining                      0x2000004c   Data           4  heap_4.o(.data)
    xMinimumEverFreeBytesRemaining           0x20000050   Data           4  heap_4.o(.data)
    xBlockAllocatedBit                       0x20000054   Data           4  heap_4.o(.data)
    .data                                    0x20000058   Section       60  tasks.o(.data)
    pxDelayedTaskList                        0x2000005c   Data           4  tasks.o(.data)
    pxOverflowDelayedTaskList                0x20000060   Data           4  tasks.o(.data)
    uxDeletedTasksWaitingCleanUp             0x20000064   Data           4  tasks.o(.data)
    uxCurrentNumberOfTasks                   0x20000068   Data           4  tasks.o(.data)
    xTickCount                               0x2000006c   Data           4  tasks.o(.data)
    uxTopReadyPriority                       0x20000070   Data           4  tasks.o(.data)
    xSchedulerRunning                        0x20000074   Data           4  tasks.o(.data)
    uxPendedTicks                            0x20000078   Data           4  tasks.o(.data)
    xYieldPending                            0x2000007c   Data           4  tasks.o(.data)
    xNumOfOverflows                          0x20000080   Data           4  tasks.o(.data)
    uxTaskNumber                             0x20000084   Data           4  tasks.o(.data)
    xNextTaskUnblockTime                     0x20000088   Data           4  tasks.o(.data)
    xIdleTaskHandle                          0x2000008c   Data           4  tasks.o(.data)
    uxSchedulerSuspended                     0x20000090   Data           4  tasks.o(.data)
    .bss                                     0x20000094   Section       20  main.o(.bss)
    .bss                                     0x200000a8   Section    17408  heap_4.o(.bss)
    ucHeap                                   0x200000a8   Data       17408  heap_4.o(.bss)
    .bss                                     0x200044a8   Section      200  tasks.o(.bss)
    pxReadyTasksLists                        0x200044a8   Data         100  tasks.o(.bss)
    xDelayedTaskList1                        0x2000450c   Data          20  tasks.o(.bss)
    xDelayedTaskList2                        0x20004520   Data          20  tasks.o(.bss)
    xPendingReadyList                        0x20004534   Data          20  tasks.o(.bss)
    xTasksWaitingTermination                 0x20004548   Data          20  tasks.o(.bss)
    xSuspendedTaskList                       0x2000455c   Data          20  tasks.o(.bss)
    STACK                                    0x20004570   Section     1024  startup_stm32f10x_md.o(STACK)

    Global Symbols

    Symbol Name                              Value     Ov Type        Size  Object(Section)

    BuildAttributes$$THM_ISAv4$P$D$K$B$S$PE$A:L22UL41UL21$X:L11$S22US41US21$IEEE1$IW$USESV6$~STKCKD$USESV7$~SHL$OSPACE$EBA8$MICROLIB$REQ8$PRES8$EABIv2 0x00000000   Number         0  anon$$obj.o ABSOLUTE
    __ARM_use_no_argv                        0x00000000   Number         0  main.o ABSOLUTE
    __arm_fini_                               - Undefined Weak Reference
    __cpp_initialize__aeabi_                  - Undefined Weak Reference
    __cxa_finalize                            - Undefined Weak Reference
    __decompress                              - Undefined Weak Reference
    _clock_init                               - Undefined Weak Reference
    _microlib_exit                            - Undefined Weak Reference
    __Vectors_Size                           0x000000ec   Number         0  startup_stm32f10x_md.o ABSOLUTE
    __Vectors                                0x08000000   Data           4  startup_stm32f10x_md.o(RESET)
    __Vectors_End                            0x080000ec   Data           0  startup_stm32f10x_md.o(RESET)
    __main                                   0x080000ed   Thumb Code     0  entry.o(.ARM.Collect$$$$00000000)
    _main_stk                                0x080000ed   Thumb Code     0  entry2.o(.ARM.Collect$$$$00000001)
    _main_scatterload                        0x080000f1   Thumb Code     0  entry5.o(.ARM.Collect$$$$00000004)
    __main_after_scatterload                 0x080000f5   Thumb Code     0  entry5.o(.ARM.Collect$$$$00000004)
    _main_clock                              0x080000f5   Thumb Code     0  entry7b.o(.ARM.Collect$$$$00000008)
    _main_cpp_init                           0x080000f5   Thumb Code     0  entry8b.o(.ARM.Collect$$$$0000000A)
    _main_init                               0x080000f5   Thumb Code     0  entry9a.o(.ARM.Collect$$$$0000000B)
    __rt_lib_shutdown_fini                   0x080000fd   Thumb Code     0  entry12b.o(.ARM.Collect$$$$0000000E)
    __rt_final_cpp                           0x08000101   Thumb Code     0  entry10a.o(.ARM.Collect$$$$0000000F)
    __rt_final_exit                          0x08000101   Thumb Code     0  entry11a.o(.ARM.Collect$$$$00000011)
    vPortSVCHandler                          0x08000105   Thumb Code    32  port.o(.emb_text)
    __asm___6_port_c_39a90d8d__prvStartFirstTask 0x08000129   Thumb Code    28  port.o(.emb_text)
    xPortPendSVHandler                       0x08000149   Thumb Code    72  port.o(.emb_text)
    vPortGetIPSR                             0x08000195   Thumb Code     6  port.o(.emb_text)
    Reset_Handler                            0x0800019d   Thumb Code     8  startup_stm32f10x_md.o(.text)
    SVC_Handler                              0x080001af   Thumb Code     2  startup_stm32f10x_md.o(.text)
    PendSV_Handler                           0x080001b3   Thumb Code     2  startup_stm32f10x_md.o(.text)
    ADC1_2_IRQHandler                        0x080001b7   Thumb Code     0  startup_stm32f10x_md.o(.text)
    CAN1_RX1_IRQHandler                      0x080001b7   Thumb Code     0  startup_stm32f10x_md.o(.text)
    CAN1_SCE_IRQHandler                      0x080001b7   Thumb Code     0  startup_stm32f10x_md.o(.text)
    DMA1_Channel1_IRQHandler                 0x080001b7   Thumb Code     0  startup_stm32f10x_md.o(.text)
    DMA1_Channel2_IRQHandler                 0x080001b7   Thumb Code     0  startup_stm32f10x_md.o(.text)
    DMA1_Channel3_IRQHandler                 0x080001b7   Thumb Code     0  startup_stm32f10x_md.o(.text)
    DMA1_Channel4_IRQHandler                 0x080001b7   Thumb Code     0  startup_stm32f10x_md.o(.text)
    DMA1_Channel5_IRQHandler                 0x080001b7   Thumb Code     0  startup_stm32f10x_md.o(.text)
    DMA1_Channel6_IRQHandler                 0x080001b7   Thumb Code     0  startup_stm32f10x_md.o(.text)
    DMA1_Channel7_IRQHandler                 0x080001b7   Thumb Code     0  startup_stm32f10x_md.o(.text)
    EXTI0_IRQHandler                         0x080001b7   Thumb Code     0  startup_stm32f10x_md.o(.text)
    EXTI15_10_IRQHandler                     0x080001b7   Thumb Code     0  startup_stm32f10x_md.o(.text)
    EXTI1_IRQHandler                         0x080001b7   Thumb Code     0  startup_stm32f10x_md.o(.text)
    EXTI2_IRQHandler                         0x080001b7   Thumb Code     0  startup_stm32f10x_md.o(.text)
    EXTI3_IRQHandler                         0x080001b7   Thumb Code     0  startup_stm32f10x_md.o(.text)
    EXTI4_IRQHandler                         0x080001b7   Thumb Code     0  startup_stm32f10x_md.o(.text)
    EXTI9_5_IRQHandler                       0x080001b7   Thumb Code     0  startup_stm32f10x_md.o(.text)
    FLASH_IRQHandler                         0x080001b7   Thumb Code     0  startup_stm32f10x_md.o(.text)
    I2C1_ER_IRQHandler                       0x080001b7   Thumb Code     0  startup_stm32f10x_md.o(.text)
    I2C1_EV_IRQHandler                       0x080001b7   Thumb Code     0  startup_stm32f10x_md.o(.text)
    I2C2_ER_IRQHandler                       0x080001b7   Thumb Code     0  startup_stm32f10x_md.o(.text)
    I2C2_EV_IRQHandler                       0x080001b7   Thumb Code     0  startup_stm32f10x_md.o(.text)
    PVD_IRQHandler                           0x080001b7   Thumb Code     0  startup_stm32f10x_md.o(.text)
    RCC_IRQHandler                           0x080001b7   Thumb Code     0  startup_stm32f10x_md.o(.text)
    RTCAlarm_IRQHandler                      0x080001b7   Thumb Code     0  startup_stm32f10x_md.o(.text)
    RTC_IRQHandler                           0x080001b7   Thumb Code     0  startup_stm32f10x_md.o(.text)
    SPI1_IRQHandler                          0x080001b7   Thumb Code     0  startup_stm32f10x_md.o(.text)
    SPI2_IRQHandler                          0x080001b7   Thumb Code     0  startup_stm32f10x_md.o(.text)
    TAMPER_IRQHandler                        0x080001b7   Thumb Code     0  startup_stm32f10x_md.o(.text)
    TIM1_BRK_IRQHandler                      0x080001b7   Thumb Code     0  startup_stm32f10x_md.o(.text)
    TIM1_CC_IRQHandler                       0x080001b7   Thumb Code     0  startup_stm32f10x_md.o(.text)
    TIM1_TRG_COM_IRQHandler                  0x080001b7   Thumb Code     0  startup_stm32f10x_md.o(.text)
    TIM1_UP_IRQHandler                       0x080001b7   Thumb Code     0  startup_stm32f10x_md.o(.text)
    TIM3_IRQHandler                          0x080001b7   Thumb Code     0  startup_stm32f10x_md.o(.text)
    TIM4_IRQHandler                          0x080001b7   Thumb Code     0  startup_stm32f10x_md.o(.text)
    USART1_IRQHandler                        0x080001b7   Thumb Code     0  startup_stm32f10x_md.o(.text)
    USART2_IRQHandler                        0x080001b7   Thumb Code     0  startup_stm32f10x_md.o(.text)
    USART3_IRQHandler                        0x080001b7   Thumb Code     0  startup_stm32f10x_md.o(.text)
    USBWakeUp_IRQHandler                     0x080001b7   Thumb Code     0  startup_stm32f10x_md.o(.text)
    USB_HP_CAN1_TX_IRQHandler                0x080001b7   Thumb Code     0  startup_stm32f10x_md.o(.text)
    USB_LP_CAN1_RX0_IRQHandler               0x080001b7   Thumb Code     0  startup_stm32f10x_md.o(.text)
    WWDG_IRQHandler                          0x080001b7   Thumb Code     0  startup_stm32f10x_md.o(.text)
    SystemInit                               0x0800029f   Thumb Code    78  system_stm32f10x.o(.text)
    SystemCoreClockUpdate                    0x080002ed   Thumb Code   142  system_stm32f10x.o(.text)
    NVIC_PriorityGroupConfig                 0x080003a1   Thumb Code    10  misc.o(.text)
    NVIC_Init                                0x080003ab   Thumb Code   100  misc.o(.text)
    NVIC_SetVectorTable                      0x0800040f   Thumb Code    14  misc.o(.text)
    NVIC_SystemLPConfig                      0x0800041d   Thumb Code    34  misc.o(.text)
    SysTick_CLKSourceConfig                  0x0800043f   Thumb Code    40  misc.o(.text)
    GPIO_DeInit                              0x0800047d   Thumb Code   172  stm32f10x_gpio.o(.text)
    GPIO_AFIODeInit                          0x08000529   Thumb Code    20  stm32f10x_gpio.o(.text)
    GPIO_Init                                0x0800053d   Thumb Code   278  stm32f10x_gpio.o(.text)
    GPIO_StructInit                          0x08000653   Thumb Code    16  stm32f10x_gpio.o(.text)
    GPIO_ReadInputDataBit                    0x08000663   Thumb Code    18  stm32f10x_gpio.o(.text)
    GPIO_ReadInputData                       0x08000675   Thumb Code     8  stm32f10x_gpio.o(.text)
    GPIO_ReadOutputDataBit                   0x0800067d   Thumb Code    18  stm32f10x_gpio.o(.text)
    GPIO_ReadOutputData                      0x0800068f   Thumb Code     8  stm32f10x_gpio.o(.text)
    GPIO_SetBits                             0x08000697   Thumb Code     4  stm32f10x_gpio.o(.text)
    GPIO_ResetBits                           0x0800069b   Thumb Code     4  stm32f10x_gpio.o(.text)
    GPIO_WriteBit                            0x0800069f   Thumb Code    10  stm32f10x_gpio.o(.text)
    GPIO_Write                               0x080006a9   Thumb Code     4  stm32f10x_gpio.o(.text)
    GPIO_PinLockConfig                       0x080006ad   Thumb Code    18  stm32f10x_gpio.o(.text)
    GPIO_EventOutputConfig                   0x080006bf   Thumb Code    26  stm32f10x_gpio.o(.text)
    GPIO_EventOutputCmd                      0x080006d9   Thumb Code     6  stm32f10x_gpio.o(.text)
    GPIO_PinRemapConfig                      0x080006df   Thumb Code   138  stm32f10x_gpio.o(.text)
    GPIO_EXTILineConfig                      0x08000769   Thumb Code    66  stm32f10x_gpio.o(.text)
    GPIO_ETH_MediaInterfaceConfig            0x080007ab   Thumb Code     8  stm32f10x_gpio.o(.text)
    I2C_DeInit                               0x080007d9   Thumb Code    50  stm32f10x_i2c.o(.text)
    I2C_Init                                 0x0800080b   Thumb Code   222  stm32f10x_i2c.o(.text)
    I2C_StructInit                           0x080008e9   Thumb Code    30  stm32f10x_i2c.o(.text)
    I2C_Cmd                                  0x08000907   Thumb Code    24  stm32f10x_i2c.o(.text)
    I2C_DMACmd                               0x0800091f   Thumb Code    24  stm32f10x_i2c.o(.text)
    I2C_DMALastTransferCmd                   0x08000937   Thumb Code    24  stm32f10x_i2c.o(.text)
    I2C_GenerateSTART                        0x0800094f   Thumb Code    24  stm32f10x_i2c.o(.text)
    I2C_GenerateSTOP                         0x08000967   Thumb Code    24  stm32f10x_i2c.o(.text)
    I2C_AcknowledgeConfig                    0x0800097f   Thumb Code    24  stm32f10x_i2c.o(.text)
    I2C_OwnAddress2Config                    0x08000997   Thumb Code    22  stm32f10x_i2c.o(.text)
    I2C_DualAddressCmd                       0x080009ad   Thumb Code    24  stm32f10x_i2c.o(.text)
    I2C_GeneralCallCmd                       0x080009c5   Thumb Code    24  stm32f10x_i2c.o(.text)
    I2C_ITConfig                             0x080009dd   Thumb Code    18  stm32f10x_i2c.o(.text)
    I2C_SendData                             0x080009ef   Thumb Code     4  stm32f10x_i2c.o(.text)
    I2C_ReceiveData                          0x080009f3   Thumb Code     8  stm32f10x_i2c.o(.text)
    I2C_Send7bitAddress                      0x080009fb   Thumb Code    18  stm32f10x_i2c.o(.text)
    I2C_ReadRegister                         0x08000a0d   Thumb Code    22  stm32f10x_i2c.o(.text)
    I2C_SoftwareResetCmd                     0x08000a23   Thumb Code    22  stm32f10x_i2c.o(.text)
    I2C_NACKPositionConfig                   0x08000a39   Thumb Code    28  stm32f10x_i2c.o(.text)
    I2C_SMBusAlertConfig                     0x08000a55   Thumb Code    28  stm32f10x_i2c.o(.text)
    I2C_TransmitPEC                          0x08000a71   Thumb Code    24  stm32f10x_i2c.o(.text)
    I2C_PECPositionConfig                    0x08000a89   Thumb Code    28  stm32f10x_i2c.o(.text)
    I2C_CalculatePEC                         0x08000aa5   Thumb Code    24  stm32f10x_i2c.o(.text)
    I2C_GetPEC                               0x08000abd   Thumb Code     8  stm32f10x_i2c.o(.text)
    I2C_ARPCmd                               0x08000ac5   Thumb Code    24  stm32f10x_i2c.o(.text)
    I2C_StretchClockCmd                      0x08000add   Thumb Code    24  stm32f10x_i2c.o(.text)
    I2C_FastModeDutyCycleConfig              0x08000af5   Thumb Code    28  stm32f10x_i2c.o(.text)
    I2C_CheckEvent                           0x08000b11   Thumb Code    42  stm32f10x_i2c.o(.text)
    I2C_GetLastEvent                         0x08000b3b   Thumb Code    26  stm32f10x_i2c.o(.text)
    I2C_GetFlagStatus                        0x08000b55   Thumb Code    58  stm32f10x_i2c.o(.text)
    I2C_ClearFlag                            0x08000b8f   Thumb Code    12  stm32f10x_i2c.o(.text)
    I2C_GetITStatus                          0x08000b9b   Thumb Code    54  stm32f10x_i2c.o(.text)
    I2C_ClearITPendingBit                    0x08000bd1   Thumb Code    12  stm32f10x_i2c.o(.text)
    RCC_DeInit                               0x08000bdd   Thumb Code    64  stm32f10x_rcc.o(.text)
    RCC_HSEConfig                            0x08000c1d   Thumb Code    70  stm32f10x_rcc.o(.text)
    RCC_GetFlagStatus                        0x08000c63   Thumb Code    56  stm32f10x_rcc.o(.text)
    RCC_WaitForHSEStartUp                    0x08000c9b   Thumb Code    56  stm32f10x_rcc.o(.text)
    RCC_AdjustHSICalibrationValue            0x08000cd3   Thumb Code    20  stm32f10x_rcc.o(.text)
    RCC_HSICmd                               0x08000ce7   Thumb Code     6  stm32f10x_rcc.o(.text)
    RCC_PLLConfig                            0x08000ced   Thumb Code    24  stm32f10x_rcc.o(.text)
    RCC_PLLCmd                               0x08000d05   Thumb Code     6  stm32f10x_rcc.o(.text)
    RCC_SYSCLKConfig                         0x08000d0b   Thumb Code    18  stm32f10x_rcc.o(.text)
    RCC_GetSYSCLKSource                      0x08000d1d   Thumb Code    10  stm32f10x_rcc.o(.text)
    RCC_HCLKConfig                           0x08000d27   Thumb Code    18  stm32f10x_rcc.o(.text)
    RCC_PCLK1Config                          0x08000d39   Thumb Code    18  stm32f10x_rcc.o(.text)
    RCC_PCLK2Config                          0x08000d4b   Thumb Code    20  stm32f10x_rcc.o(.text)
    RCC_ITConfig                             0x08000d5f   Thumb Code    26  stm32f10x_rcc.o(.text)
    RCC_USBCLKConfig                         0x08000d79   Thumb Code     8  stm32f10x_rcc.o(.text)
    RCC_ADCCLKConfig                         0x08000d81   Thumb Code    18  stm32f10x_rcc.o(.text)
    RCC_LSEConfig                            0x08000d93   Thumb Code    50  stm32f10x_rcc.o(.text)
    RCC_LSICmd                               0x08000dc5   Thumb Code     6  stm32f10x_rcc.o(.text)
    RCC_RTCCLKConfig                         0x08000dcb   Thumb Code    12  stm32f10x_rcc.o(.text)
    RCC_RTCCLKCmd                            0x08000dd7   Thumb Code     8  stm32f10x_rcc.o(.text)
    RCC_GetClocksFreq                        0x08000ddf   Thumb Code   192  stm32f10x_rcc.o(.text)
    RCC_AHBPeriphClockCmd                    0x08000e9f   Thumb Code    26  stm32f10x_rcc.o(.text)
    RCC_APB2PeriphClockCmd                   0x08000eb9   Thumb Code    26  stm32f10x_rcc.o(.text)
    RCC_APB1PeriphClockCmd                   0x08000ed3   Thumb Code    26  stm32f10x_rcc.o(.text)
    RCC_APB2PeriphResetCmd                   0x08000eed   Thumb Code    26  stm32f10x_rcc.o(.text)
    RCC_APB1PeriphResetCmd                   0x08000f07   Thumb Code    26  stm32f10x_rcc.o(.text)
    RCC_BackupResetCmd                       0x08000f21   Thumb Code     8  stm32f10x_rcc.o(.text)
    RCC_ClockSecuritySystemCmd               0x08000f29   Thumb Code     6  stm32f10x_rcc.o(.text)
    RCC_MCOConfig                            0x08000f2f   Thumb Code     6  stm32f10x_rcc.o(.text)
    RCC_ClearFlag                            0x08000f35   Thumb Code    14  stm32f10x_rcc.o(.text)
    RCC_GetITStatus                          0x08000f43   Thumb Code    20  stm32f10x_rcc.o(.text)
    RCC_ClearITPendingBit                    0x08000f57   Thumb Code     6  stm32f10x_rcc.o(.text)
    SPI_I2S_DeInit                           0x08000f81   Thumb Code    76  stm32f10x_spi.o(.text)
    SPI_Init                                 0x08000fcd   Thumb Code    60  stm32f10x_spi.o(.text)
    I2S_Init                                 0x08001009   Thumb Code   226  stm32f10x_spi.o(.text)
    SPI_StructInit                           0x080010eb   Thumb Code    24  stm32f10x_spi.o(.text)
    I2S_StructInit                           0x08001103   Thumb Code    20  stm32f10x_spi.o(.text)
    SPI_Cmd                                  0x08001117   Thumb Code    24  stm32f10x_spi.o(.text)
    I2S_Cmd                                  0x0800112f   Thumb Code    24  stm32f10x_spi.o(.text)
    SPI_I2S_ITConfig                         0x08001147   Thumb Code    32  stm32f10x_spi.o(.text)
    SPI_I2S_DMACmd                           0x08001167   Thumb Code    18  stm32f10x_spi.o(.text)
    SPI_I2S_SendData                         0x08001179   Thumb Code     4  stm32f10x_spi.o(.text)
    SPI_I2S_ReceiveData                      0x0800117d   Thumb Code     6  stm32f10x_spi.o(.text)
    SPI_NSSInternalSoftwareConfig            0x08001183   Thumb Code    30  stm32f10x_spi.o(.text)
    SPI_SSOutputCmd                          0x080011a1   Thumb Code    24  stm32f10x_spi.o(.text)
    SPI_DataSizeConfig                       0x080011b9   Thumb Code    18  stm32f10x_spi.o(.text)
    SPI_TransmitCRC                          0x080011cb   Thumb Code    10  stm32f10x_spi.o(.text)
    SPI_CalculateCRC                         0x080011d5   Thumb Code    24  stm32f10x_spi.o(.text)
    SPI_GetCRC                               0x080011ed   Thumb Code    16  stm32f10x_spi.o(.text)
    SPI_GetCRCPolynomial                     0x080011fd   Thumb Code     6  stm32f10x_spi.o(.text)
    SPI_BiDirectionalLineConfig              0x08001203   Thumb Code    28  stm32f10x_spi.o(.text)
    SPI_I2S_GetFlagStatus                    0x0800121f   Thumb Code    18  stm32f10x_spi.o(.text)
    SPI_I2S_ClearFlag                        0x08001231   Thumb Code     6  stm32f10x_spi.o(.text)
    SPI_I2S_GetITStatus                      0x08001237   Thumb Code    52  stm32f10x_spi.o(.text)
    SPI_I2S_ClearITPendingBit                0x0800126b   Thumb Code    20  stm32f10x_spi.o(.text)
    TIM_DeInit                               0x0800128d   Thumb Code   424  stm32f10x_tim.o(.text)
    TIM_TimeBaseInit                         0x08001435   Thumb Code   122  stm32f10x_tim.o(.text)
    TIM_OC1Init                              0x080014af   Thumb Code   132  stm32f10x_tim.o(.text)
    TIM_OC2Init                              0x08001533   Thumb Code   154  stm32f10x_tim.o(.text)
    TIM_OC3Init                              0x080015cd   Thumb Code   150  stm32f10x_tim.o(.text)
    TIM_OC4Init                              0x08001663   Thumb Code   182  stm32f10x_tim.o(.text)
    TIM_SetIC4Prescaler                      0x08001719   Thumb Code    26  stm32f10x_tim.o(.text)
    TIM_SetIC3Prescaler                      0x080017b5   Thumb Code    18  stm32f10x_tim.o(.text)
    TIM_SetIC2Prescaler                      0x08001841   Thumb Code    26  stm32f10x_tim.o(.text)
    TIM_SetIC1Prescaler                      0x080018dd   Thumb Code    18  stm32f10x_tim.o(.text)
    TIM_ICInit                               0x0800195b   Thumb Code   150  stm32f10x_tim.o(.text)
    TIM_PWMIConfig                           0x080019f1   Thumb Code   124  stm32f10x_tim.o(.text)
    TIM_BDTRConfig                           0x08001a6d   Thumb Code    32  stm32f10x_tim.o(.text)
    TIM_TimeBaseStructInit                   0x08001a8d   Thumb Code    18  stm32f10x_tim.o(.text)
    TIM_OCStructInit                         0x08001a9f   Thumb Code    20  stm32f10x_tim.o(.text)
    TIM_ICStructInit                         0x08001ab3   Thumb Code    18  stm32f10x_tim.o(.text)
    TIM_BDTRStructInit                       0x08001ac5   Thumb Code    40  stm32f10x_tim.o(.text)
    TIM_Cmd                                  0x08001aed   Thumb Code    24  stm32f10x_tim.o(.text)
    TIM_CtrlPWMOutputs                       0x08001b05   Thumb Code    30  stm32f10x_tim.o(.text)
    TIM_ITConfig                             0x08001b23   Thumb Code    18  stm32f10x_tim.o(.text)
    TIM_GenerateEvent                        0x08001b35   Thumb Code     4  stm32f10x_tim.o(.text)
    TIM_DMAConfig                            0x08001b39   Thumb Code    10  stm32f10x_tim.o(.text)
    TIM_DMACmd                               0x08001b43   Thumb Code    18  stm32f10x_tim.o(.text)
    TIM_InternalClockConfig                  0x08001b55   Thumb Code    12  stm32f10x_tim.o(.text)
    TIM_SelectInputTrigger                   0x08001b61   Thumb Code    18  stm32f10x_tim.o(.text)
    TIM_ITRxExternalClockConfig              0x08001b73   Thumb Code    24  stm32f10x_tim.o(.text)
    TIM_TIxExternalClockConfig               0x08001b8b   Thumb Code    62  stm32f10x_tim.o(.text)
    TIM_ETRConfig                            0x08001bc9   Thumb Code    28  stm32f10x_tim.o(.text)
    TIM_ETRClockMode1Config                  0x08001be5   Thumb Code    54  stm32f10x_tim.o(.text)
    TIM_ETRClockMode2Config                  0x08001c1b   Thumb Code    32  stm32f10x_tim.o(.text)
    TIM_PrescalerConfig                      0x08001c3b   Thumb Code     6  stm32f10x_tim.o(.text)
    TIM_CounterModeConfig                    0x08001c41   Thumb Code    18  stm32f10x_tim.o(.text)
    TIM_EncoderInterfaceConfig               0x08001c53   Thumb Code    66  stm32f10x_tim.o(.text)
    TIM_ForcedOC1Config                      0x08001c95   Thumb Code    18  stm32f10x_tim.o(.text)
    TIM_ForcedOC2Config                      0x08001ca7   Thumb Code    26  stm32f10x_tim.o(.text)
    TIM_ForcedOC3Config                      0x08001cc1   Thumb Code    18  stm32f10x_tim.o(.text)
    TIM_ForcedOC4Config                      0x08001cd3   Thumb Code    26  stm32f10x_tim.o(.text)
    TIM_ARRPreloadConfig                     0x08001ced   Thumb Code    24  stm32f10x_tim.o(.text)
    TIM_SelectCOM                            0x08001d05   Thumb Code    24  stm32f10x_tim.o(.text)
    TIM_SelectCCDMA                          0x08001d1d   Thumb Code    24  stm32f10x_tim.o(.text)
    TIM_CCPreloadControl                     0x08001d35   Thumb Code    24  stm32f10x_tim.o(.text)
    TIM_OC1PreloadConfig                     0x08001d4d   Thumb Code    18  stm32f10x_tim.o(.text)
    TIM_OC2PreloadConfig                     0x08001d5f   Thumb Code    26  stm32f10x_tim.o(.text)
    TIM_OC3PreloadConfig                     0x08001d79   Thumb Code    18  stm32f10x_tim.o(.text)
    TIM_OC4PreloadConfig                     0x08001d8b   Thumb Code    26  stm32f10x_tim.o(.text)
    TIM_OC1FastConfig                        0x08001da5   Thumb Code    18  stm32f10x_tim.o(.text)
    TIM_OC2FastConfig                        0x08001db7   Thumb Code    26  stm32f10x_tim.o(.text)
    TIM_OC3FastConfig                        0x08001dd1   Thumb Code    18  stm32f10x_tim.o(.text)
    TIM_OC4FastConfig                        0x08001de3   Thumb Code    26  stm32f10x_tim.o(.text)
    TIM_ClearOC1Ref                          0x08001dfd   Thumb Code    18  stm32f10x_tim.o(.text)
    TIM_ClearOC2Ref                          0x08001e0f   Thumb Code    24  stm32f10x_tim.o(.text)
    TIM_ClearOC3Ref                          0x08001e27   Thumb Code    18  stm32f10x_tim.o(.text)
    TIM_ClearOC4Ref                          0x08001e39   Thumb Code    24  stm32f10x_tim.o(.text)
    TIM_OC1PolarityConfig                    0x08001e51   Thumb Code    18  stm32f10x_tim.o(.text)
    TIM_OC1NPolarityConfig                   0x08001e63   Thumb Code    18  stm32f10x_tim.o(.text)
    TIM_OC2PolarityConfig                    0x08001e75   Thumb Code    26  stm32f10x_tim.o(.text)
    TIM_OC2NPolarityConfig                   0x08001e8f   Thumb Code    26  stm32f10x_tim.o(.text)
    TIM_OC3PolarityConfig                    0x08001ea9   Thumb Code    26  stm32f10x_tim.o(.text)
    TIM_OC3NPolarityConfig                   0x08001ec3   Thumb Code    26  stm32f10x_tim.o(.text)
    TIM_OC4PolarityConfig                    0x08001edd   Thumb Code    26  stm32f10x_tim.o(.text)
    TIM_CCxCmd                               0x08001ef7   Thumb Code    30  stm32f10x_tim.o(.text)
    TIM_CCxNCmd                              0x08001f15   Thumb Code    30  stm32f10x_tim.o(.text)
    TIM_SelectOCxM                           0x08001f33   Thumb Code    82  stm32f10x_tim.o(.text)
    TIM_UpdateDisableConfig                  0x08001f85   Thumb Code    24  stm32f10x_tim.o(.text)
    TIM_UpdateRequestConfig                  0x08001f9d   Thumb Code    24  stm32f10x_tim.o(.text)
    TIM_SelectHallSensor                     0x08001fb5   Thumb Code    24  stm32f10x_tim.o(.text)
    TIM_SelectOnePulseMode                   0x08001fcd   Thumb Code    18  stm32f10x_tim.o(.text)
    TIM_SelectOutputTrigger                  0x08001fdf   Thumb Code    18  stm32f10x_tim.o(.text)
    TIM_SelectSlaveMode                      0x08001ff1   Thumb Code    18  stm32f10x_tim.o(.text)
    TIM_SelectMasterSlaveMode                0x08002003   Thumb Code    18  stm32f10x_tim.o(.text)
    TIM_SetCounter                           0x08002015   Thumb Code     4  stm32f10x_tim.o(.text)
    TIM_SetAutoreload                        0x08002019   Thumb Code     4  stm32f10x_tim.o(.text)
    TIM_SetCompare1                          0x0800201d   Thumb Code     4  stm32f10x_tim.o(.text)
    TIM_SetCompare2                          0x08002021   Thumb Code     4  stm32f10x_tim.o(.text)
    TIM_SetCompare3                          0x08002025   Thumb Code     4  stm32f10x_tim.o(.text)
    TIM_SetCompare4                          0x08002029   Thumb Code     6  stm32f10x_tim.o(.text)
    TIM_SetClockDivision                     0x0800202f   Thumb Code    18  stm32f10x_tim.o(.text)
    TIM_GetCapture1                          0x08002041   Thumb Code     6  stm32f10x_tim.o(.text)
    TIM_GetCapture2                          0x08002047   Thumb Code     6  stm32f10x_tim.o(.text)
    TIM_GetCapture3                          0x0800204d   Thumb Code     6  stm32f10x_tim.o(.text)
    TIM_GetCapture4                          0x08002053   Thumb Code     8  stm32f10x_tim.o(.text)
    TIM_GetCounter                           0x0800205b   Thumb Code     6  stm32f10x_tim.o(.text)
    TIM_GetPrescaler                         0x08002061   Thumb Code     6  stm32f10x_tim.o(.text)
    TIM_GetFlagStatus                        0x08002067   Thumb Code    18  stm32f10x_tim.o(.text)
    TIM_ClearFlag                            0x08002079   Thumb Code     6  stm32f10x_tim.o(.text)
    TIM_GetITStatus                          0x0800207f   Thumb Code    34  stm32f10x_tim.o(.text)
    TIM_ClearITPendingBit                    0x080020a1   Thumb Code     6  stm32f10x_tim.o(.text)
    USART_DeInit                             0x080020a9   Thumb Code   134  stm32f10x_usart.o(.text)
    USART_Init                               0x0800212f   Thumb Code   210  stm32f10x_usart.o(.text)
    USART_StructInit                         0x08002201   Thumb Code    24  stm32f10x_usart.o(.text)
    USART_ClockInit                          0x08002219   Thumb Code    34  stm32f10x_usart.o(.text)
    USART_ClockStructInit                    0x0800223b   Thumb Code    12  stm32f10x_usart.o(.text)
    USART_Cmd                                0x08002247   Thumb Code    24  stm32f10x_usart.o(.text)
    USART_ITConfig                           0x0800225f   Thumb Code    74  stm32f10x_usart.o(.text)
    USART_DMACmd                             0x080022a9   Thumb Code    18  stm32f10x_usart.o(.text)
    USART_SetAddress                         0x080022bb   Thumb Code    18  stm32f10x_usart.o(.text)
    USART_WakeUpConfig                       0x080022cd   Thumb Code    18  stm32f10x_usart.o(.text)
    USART_ReceiverWakeUpCmd                  0x080022df   Thumb Code    24  stm32f10x_usart.o(.text)
    USART_LINBreakDetectLengthConfig         0x080022f7   Thumb Code    18  stm32f10x_usart.o(.text)
    USART_LINCmd                             0x08002309   Thumb Code    24  stm32f10x_usart.o(.text)
    USART_SendData                           0x08002321   Thumb Code     8  stm32f10x_usart.o(.text)
    USART_ReceiveData                        0x08002329   Thumb Code    10  stm32f10x_usart.o(.text)
    USART_SendBreak                          0x08002333   Thumb Code    10  stm32f10x_usart.o(.text)
    USART_SetGuardTime                       0x0800233d   Thumb Code    16  stm32f10x_usart.o(.text)
    USART_SetPrescaler                       0x0800234d   Thumb Code    16  stm32f10x_usart.o(.text)
    USART_SmartCardCmd                       0x0800235d   Thumb Code    24  stm32f10x_usart.o(.text)
    USART_SmartCardNACKCmd                   0x08002375   Thumb Code    24  stm32f10x_usart.o(.text)
    USART_HalfDuplexCmd                      0x0800238d   Thumb Code    24  stm32f10x_usart.o(.text)
    USART_OverSampling8Cmd                   0x080023a5   Thumb Code    22  stm32f10x_usart.o(.text)
    USART_OneBitMethodCmd                    0x080023bb   Thumb Code    24  stm32f10x_usart.o(.text)
    USART_IrDAConfig                         0x080023d3   Thumb Code    18  stm32f10x_usart.o(.text)
    USART_IrDACmd                            0x080023e5   Thumb Code    24  stm32f10x_usart.o(.text)
    USART_GetFlagStatus                      0x080023fd   Thumb Code    26  stm32f10x_usart.o(.text)
    USART_ClearFlag                          0x08002417   Thumb Code    18  stm32f10x_usart.o(.text)
    USART_GetITStatus                        0x08002429   Thumb Code    84  stm32f10x_usart.o(.text)
    USART_ClearITPendingBit                  0x0800247d   Thumb Code    52  stm32f10x_usart.o(.text)
    main                                     0x080024b1   Thumb Code   100  main.o(.text)
    NMI_Handler                              0x08002525   Thumb Code     2  stm32f10x_it.o(.text)
    HardFault_Handler                        0x08002527   Thumb Code     4  stm32f10x_it.o(.text)
    MemManage_Handler                        0x0800252b   Thumb Code     4  stm32f10x_it.o(.text)
    BusFault_Handler                         0x0800252f   Thumb Code     4  stm32f10x_it.o(.text)
    UsageFault_Handler                       0x08002533   Thumb Code     4  stm32f10x_it.o(.text)
    DebugMon_Handler                         0x08002537   Thumb Code     2  stm32f10x_it.o(.text)
    SysTick_Handler                          0x08002539   Thumb Code     8  stm32f10x_it.o(.text)
    LED_GPIO_Config                          0x08002541   Thumb Code    90  bsp_led.o(.text)
    USART_Config                             0x080025c7   Thumb Code   136  bsp_usart.o(.text)
    Usart_SendByte                           0x0800264f   Thumb Code    30  bsp_usart.o(.text)
    Usart_SendArray                          0x0800266d   Thumb Code    48  bsp_usart.o(.text)
    Usart_SendString                         0x0800269d   Thumb Code    42  bsp_usart.o(.text)
    Usart_SendHalfWord                       0x080026c7   Thumb Code    60  bsp_usart.o(.text)
    fputc                                    0x08002703   Thumb Code    32  bsp_usart.o(.text)
    fgetc                                    0x08002723   Thumb Code    26  bsp_usart.o(.text)
    delay_us                                 0x08002745   Thumb Code    54  delay.o(.text)
    delay_ms                                 0x0800277b   Thumb Code    56  delay.o(.text)
    I2C_Configuration                        0x080027b5   Thumb Code   110  bsp_oled.o(.text)
    I2C_WriteByte                            0x08002823   Thumb Code   126  bsp_oled.o(.text)
    WriteCmd                                 0x080028a1   Thumb Code    14  bsp_oled.o(.text)
    WriteDat                                 0x080028af   Thumb Code    14  bsp_oled.o(.text)
    OLED_Init                                0x080028bd   Thumb Code   178  bsp_oled.o(.text)
    OLED_Setpoint                            0x0800296f   Thumb Code    40  bsp_oled.o(.text)
    OLED_Fill                                0x08002997   Thumb Code    58  bsp_oled.o(.text)
    OLED_Clear                               0x080029d1   Thumb Code    10  bsp_oled.o(.text)
    OLED_OPEN                                0x080029db   Thumb Code    22  bsp_oled.o(.text)
    OLED_CLOSE                               0x080029f1   Thumb Code    22  bsp_oled.o(.text)
    OLED_ShowStr                             0x08002a07   Thumb Code   226  bsp_oled.o(.text)
    SPI1_ReadWriteByte                       0x08002b4b   Thumb Code    50  bsp_w25q64.o(.text)
    SPI1_Init                                0x08002b7d   Thumb Code    98  bsp_w25q64.o(.text)
    W25Q128_ReadWriteByte                    0x08002bdf   Thumb Code    12  bsp_w25q64.o(.text)
    W25Q128_ReadID                           0x08002beb   Thumb Code    66  bsp_w25q64.o(.text)
    W25Q128_ReadSR                           0x08002c2d   Thumb Code    38  bsp_w25q64.o(.text)
    W25Q128_WriteSR                          0x08002c53   Thumb Code    34  bsp_w25q64.o(.text)
    W25Q128_Write_Enable                     0x08002c75   Thumb Code    26  bsp_w25q64.o(.text)
    W25Q128_Write_Disable                    0x08002c8f   Thumb Code    26  bsp_w25q64.o(.text)
    W25Q128_Read                             0x08002ca9   Thumb Code    78  bsp_w25q64.o(.text)
    W25Q128_Wait_Busy                        0x08002cf7   Thumb Code    18  bsp_w25q64.o(.text)
    W25Q128_Write_Page                       0x08002d09   Thumb Code    84  bsp_w25q64.o(.text)
    W25Q128_Write_NoCheck                    0x08002d5d   Thumb Code    70  bsp_w25q64.o(.text)
    W25Q128_Erase_Sector                     0x08002da3   Thumb Code    62  bsp_w25q64.o(.text)
    W25Q128_Write                            0x08002de1   Thumb Code   186  bsp_w25q64.o(.text)
    W25Q128_Erase_Chip                       0x08002e9b   Thumb Code    38  bsp_w25q64.o(.text)
    W25Q128_PowerDown                        0x08002ec1   Thumb Code    26  bsp_w25q64.o(.text)
    W25Q128_WAKEUP                           0x08002edb   Thumb Code    26  bsp_w25q64.o(.text)
    bsp_pwm_init                             0x08002efd   Thumb Code   358  pwm_timer.o(.text)
    TIM2_Init                                0x08003071   Thumb Code   100  bsp_timer.o(.text)
    TIM2_IRQHandler                          0x080030d5   Thumb Code    22  bsp_timer.o(.text)
    pxPortInitialiseStack                    0x08003103   Thumb Code    30  port.o(.text)
    vPortSetupTimerInterrupt                 0x08003121   Thumb Code    14  port.o(.text)
    xPortStartScheduler                      0x0800312f   Thumb Code    42  port.o(.text)
    vPortEndScheduler                        0x08003159   Thumb Code     2  port.o(.text)
    vPortEnterCritical                       0x0800315b   Thumb Code    30  port.o(.text)
    vPortExitCritical                        0x08003179   Thumb Code    28  port.o(.text)
    xPortSysTickHandler                      0x08003195   Thumb Code    48  port.o(.text)
    pvPortMalloc                             0x08003297   Thumb Code   188  heap_4.o(.text)
    vPortFree                                0x08003353   Thumb Code    64  heap_4.o(.text)
    xPortGetFreeHeapSize                     0x08003393   Thumb Code     6  heap_4.o(.text)
    xPortGetMinimumEverFreeHeapSize          0x08003399   Thumb Code     6  heap_4.o(.text)
    vPortInitialiseBlocks                    0x0800339f   Thumb Code     2  heap_4.o(.text)
    vListInitialise                          0x080033b9   Thumb Code    26  list.o(.text)
    vListInitialiseItem                      0x080033d3   Thumb Code     6  list.o(.text)
    vListInsertEnd                           0x080033d9   Thumb Code    24  list.o(.text)
    vListInsert                              0x080033f1   Thumb Code    52  list.o(.text)
    uxListRemove                             0x08003425   Thumb Code    40  list.o(.text)
    xTaskCreate                              0x080035a9   Thumb Code    96  tasks.o(.text)
    vTaskDelete                              0x08003645   Thumb Code   166  tasks.o(.text)
    xTaskIncrementTick                       0x080036eb   Thumb Code   238  tasks.o(.text)
    xTaskResumeAll                           0x080037d9   Thumb Code   284  tasks.o(.text)
    vTaskSuspendAll                          0x08003971   Thumb Code    12  tasks.o(.text)
    vTaskDelayUntil                          0x0800397d   Thumb Code   106  tasks.o(.text)
    vTaskDelay                               0x080039e7   Thumb Code    46  tasks.o(.text)
    uxTaskPriorityGet                        0x08003a15   Thumb Code    30  tasks.o(.text)
    uxTaskPriorityGetFromISR                 0x08003a33   Thumb Code    52  tasks.o(.text)
    vTaskPrioritySet                         0x08003a67   Thumb Code   216  tasks.o(.text)
    vTaskSwitchContext                       0x08003b3f   Thumb Code    76  tasks.o(.text)
    vTaskSuspend                             0x08003b8b   Thumb Code   160  tasks.o(.text)
    vTaskResume                              0x08003c63   Thumb Code   170  tasks.o(.text)
    xTaskResumeFromISR                       0x08003d0d   Thumb Code   130  tasks.o(.text)
    vTaskStartScheduler                      0x08003e05   Thumb Code    72  tasks.o(.text)
    vTaskEndScheduler                        0x08003e4d   Thumb Code    32  tasks.o(.text)
    xTaskGetTickCount                        0x08003e6d   Thumb Code     6  tasks.o(.text)
    xTaskGetTickCountFromISR                 0x08003e73   Thumb Code     8  tasks.o(.text)
    uxTaskGetNumberOfTasks                   0x08003e7b   Thumb Code     6  tasks.o(.text)
    pcTaskGetName                            0x08003e81   Thumb Code    20  tasks.o(.text)
    vTaskPlaceOnEventList                    0x08003e95   Thumb Code    28  tasks.o(.text)
    vTaskPlaceOnUnorderedEventList           0x08003eb1   Thumb Code    40  tasks.o(.text)
    xTaskRemoveFromEventList                 0x08003ed9   Thumb Code   104  tasks.o(.text)
    xTaskRemoveFromUnorderedEventList        0x08003f41   Thumb Code    94  tasks.o(.text)
    vTaskSetTimeOutState                     0x08003f9f   Thumb Code    14  tasks.o(.text)
    xTaskCheckForTimeOut                     0x08003fad   Thumb Code    84  tasks.o(.text)
    vTaskMissedYield                         0x08004001   Thumb Code     8  tasks.o(.text)
    uxTaskResetEventItemValue                0x08004009   Thumb Code    24  tasks.o(.text)
    ulTaskNotifyTake                         0x08004021   Thumb Code   108  tasks.o(.text)
    xTaskNotifyWait                          0x0800408d   Thumb Code   226  tasks.o(.text)
    xTaskGenericNotify                       0x0800416f   Thumb Code   178  tasks.o(.text)
    xTaskGenericNotifyFromISR                0x08004221   Thumb Code   228  tasks.o(.text)
    vTaskNotifyGiveFromISR                   0x08004305   Thumb Code   154  tasks.o(.text)
    xTaskNotifyStateClear                    0x0800439f   Thumb Code    48  tasks.o(.text)
    __scatterload                            0x080043ed   Thumb Code    28  init.o(.text)
    __scatterload_rt2                        0x080043ed   Thumb Code     0  init.o(.text)
    __scatterload_copy                       0x08004411   Thumb Code    14  handlers.o(i.__scatterload_copy)
    __scatterload_null                       0x0800441f   Thumb Code     2  handlers.o(i.__scatterload_null)
    __scatterload_zeroinit                   0x08004421   Thumb Code    14  handlers.o(i.__scatterload_zeroinit)
    F6x8                                     0x0800442e   Data         552  bsp_oled.o(.constdata)
    F8X16                                    0x08004656   Data        1520  bsp_oled.o(.constdata)
    Region$$Table$$Base                      0x08004c48   Number         0  anon$$obj.o(Region$$Table)
    Region$$Table$$Limit                     0x08004c68   Number         0  anon$$obj.o(Region$$Table)
    SystemCoreClock                          0x20000000   Data           4  system_stm32f10x.o(.data)
    AHBPrescTable                            0x20000004   Data          16  system_stm32f10x.o(.data)
    Write_data                               0x20000028   Data          20  main.o(.data)
    pxCurrentTCB                             0x20000058   Data           4  tasks.o(.data)
    Read_data                                0x20000094   Data          20  main.o(.bss)
    __initial_sp                             0x20004970   Data           0  startup_stm32f10x_md.o(STACK)



==============================================================================

Memory Map of the image

  Image Entry point : 0x080000ed

  Load Region LR_IROM1 (Base: 0x08000000, Size: 0x00004cfc, Max: 0x00010000, ABSOLUTE)

    Execution Region ER_IROM1 (Exec base: 0x08000000, Load base: 0x08000000, Size: 0x00004c68, Max: 0x00010000, ABSOLUTE)

    Exec Addr    Load Addr    Size         Type   Attr      Idx    E Section Name        Object

    0x08000000   0x08000000   0x000000ec   Data   RO            3    RESET               startup_stm32f10x_md.o
    0x080000ec   0x080000ec   0x00000000   Code   RO          777  * .ARM.Collect$$$$00000000  mc_w.l(entry.o)
    0x080000ec   0x080000ec   0x00000004   Code   RO          784    .ARM.Collect$$$$00000001  mc_w.l(entry2.o)
    0x080000f0   0x080000f0   0x00000004   Code   RO          787    .ARM.Collect$$$$00000004  mc_w.l(entry5.o)
    0x080000f4   0x080000f4   0x00000000   Code   RO          789    .ARM.Collect$$$$00000008  mc_w.l(entry7b.o)
    0x080000f4   0x080000f4   0x00000000   Code   RO          791    .ARM.Collect$$$$0000000A  mc_w.l(entry8b.o)
    0x080000f4   0x080000f4   0x00000008   Code   RO          792    .ARM.Collect$$$$0000000B  mc_w.l(entry9a.o)
    0x080000fc   0x080000fc   0x00000004   Code   RO          799    .ARM.Collect$$$$0000000E  mc_w.l(entry12b.o)
    0x08000100   0x08000100   0x00000000   Code   RO          794    .ARM.Collect$$$$0000000F  mc_w.l(entry10a.o)
    0x08000100   0x08000100   0x00000000   Code   RO          796    .ARM.Collect$$$$00000011  mc_w.l(entry11a.o)
    0x08000100   0x08000100   0x00000004   Code   RO          785    .ARM.Collect$$$$00002712  mc_w.l(entry2.o)
    0x08000104   0x08000104   0x00000096   Code   RO          613    .emb_text           port.o
    0x0800019a   0x0800019a   0x00000002   PAD
    0x0800019c   0x0800019c   0x00000024   Code   RO            4    .text               startup_stm32f10x_md.o
    0x080001c0   0x080001c0   0x000001e0   Code   RO           24    .text               system_stm32f10x.o
    0x080003a0   0x080003a0   0x000000dc   Code   RO          121    .text               misc.o
    0x0800047c   0x0800047c   0x0000035c   Code   RO          269    .text               stm32f10x_gpio.o
    0x080007d8   0x080007d8   0x00000404   Code   RO          281    .text               stm32f10x_i2c.o
    0x08000bdc   0x08000bdc   0x000003a4   Code   RO          317    .text               stm32f10x_rcc.o
    0x08000f80   0x08000f80   0x0000030c   Code   RO          355    .text               stm32f10x_spi.o
    0x0800128c   0x0800128c   0x00000e1a   Code   RO          367    .text               stm32f10x_tim.o
    0x080020a6   0x080020a6   0x00000002   PAD
    0x080020a8   0x080020a8   0x00000408   Code   RO          379    .text               stm32f10x_usart.o
    0x080024b0   0x080024b0   0x00000074   Code   RO          403    .text               main.o
    0x08002524   0x08002524   0x0000001c   Code   RO          474    .text               stm32f10x_it.o
    0x08002540   0x08002540   0x00000060   Code   RO          489    .text               bsp_led.o
    0x080025a0   0x080025a0   0x000001a4   Code   RO          504    .text               bsp_usart.o
    0x08002744   0x08002744   0x0000006e   Code   RO          520    .text               delay.o
    0x080027b2   0x080027b2   0x00000002   PAD
    0x080027b4   0x080027b4   0x00000350   Code   RO          532    .text               bsp_oled.o
    0x08002b04   0x08002b04   0x000003f8   Code   RO          571    .text               bsp_w25q64.o
    0x08002efc   0x08002efc   0x00000174   Code   RO          586    .text               pwm_timer.o
    0x08003070   0x08003070   0x0000007a   Code   RO          598    .text               bsp_timer.o
    0x080030ea   0x080030ea   0x00000002   PAD
    0x080030ec   0x080030ec   0x000000e8   Code   RO          614    .text               port.o
    0x080031d4   0x080031d4   0x000001e4   Code   RO          643    .text               heap_4.o
    0x080033b8   0x080033b8   0x00000094   Code   RO          710    .text               list.o
    0x0800344c   0x0800344c   0x00000fa0   Code   RO          740    .text               tasks.o
    0x080043ec   0x080043ec   0x00000024   Code   RO          800    .text               mc_w.l(init.o)
    0x08004410   0x08004410   0x0000000e   Code   RO          804    i.__scatterload_copy  mc_w.l(handlers.o)
    0x0800441e   0x0800441e   0x00000002   Code   RO          805    i.__scatterload_null  mc_w.l(handlers.o)
    0x08004420   0x08004420   0x0000000e   Code   RO          806    i.__scatterload_zeroinit  mc_w.l(handlers.o)
    0x0800442e   0x0800442e   0x00000818   Data   RO          533    .constdata          bsp_oled.o
    0x08004c46   0x08004c46   0x00000002   PAD
    0x08004c48   0x08004c48   0x00000020   Data   RO          802    Region$$Table       anon$$obj.o


    Execution Region RW_IRAM1 (Exec base: 0x20000000, Load base: 0x08004c68, Size: 0x00004970, Max: 0x00005000, ABSOLUTE)

    Exec Addr    Load Addr    Size         Type   Attr      Idx    E Section Name        Object

    0x20000000   0x08004c68   0x00000014   Data   RW           25    .data               system_stm32f10x.o
    0x20000014   0x08004c7c   0x00000014   Data   RW          318    .data               stm32f10x_rcc.o
    0x20000028   0x08004c90   0x00000014   Data   RW          405    .data               main.o
    0x2000003c   0x08004ca4   0x00000004   Data   RW          615    .data               port.o
    0x20000040   0x08004ca8   0x00000018   Data   RW          645    .data               heap_4.o
    0x20000058   0x08004cc0   0x0000003c   Data   RW          742    .data               tasks.o
    0x20000094        -       0x00000014   Zero   RW          404    .bss                main.o
    0x200000a8        -       0x00004400   Zero   RW          644    .bss                heap_4.o
    0x200044a8        -       0x000000c8   Zero   RW          741    .bss                tasks.o
    0x20004570        -       0x00000400   Zero   RW            1    STACK               startup_stm32f10x_md.o


==============================================================================

Image component sizes


      Code (inc. data)   RO Data    RW Data    ZI Data      Debug   Object Name

        96          6          0          0          0        502   bsp_led.o
       848         28       2072          0          0       3256   bsp_oled.o
       122          0          0          0          0        648   bsp_timer.o
       420          8          0          0          0       3802   bsp_usart.o
      1016          8          0          0          0       4785   bsp_w25q64.o
         0          0          0          0          0       4508   core_cm3.o
       110          0          0          0          0        664   delay.o
       484         24          0         24      17408       4636   heap_4.o
       148          0          0          0          0       1814   list.o
       116         16          0         20         20       8386   main.o
       220         22          0          0          0       1765   misc.o
       382         28          0          4          0       6860   port.o
       372         14          0          0          0        783   pwm_timer.o
        36          8        236          0       1024        840   startup_stm32f10x_md.o
       860         38          0          0          0       5693   stm32f10x_gpio.o
      1028         16          0          0          0       9187   stm32f10x_i2c.o
        28          0          0          0          0       1083   stm32f10x_it.o
       932         36          0         20          0       8844   stm32f10x_rcc.o
       780         14          0          0          0       6578   stm32f10x_spi.o
      3610         88          0          0          0      22804   stm32f10x_tim.o
      1032         22          0          0          0       8420   stm32f10x_usart.o
       480         38          0         20          0     263495   system_stm32f10x.o
      4000        260          0         60        200      26663   tasks.o

    ----------------------------------------------------------------------
     17128        674       2342        148      18652     396016   Object Totals
         0          0         32          0          0          0   (incl. Generated)
         8          0          2          0          0          0   (incl. Padding)

    ----------------------------------------------------------------------

      Code (inc. data)   RO Data    RW Data    ZI Data      Debug   Library Member Name

         0          0          0          0          0          0   entry.o
         0          0          0          0          0          0   entry10a.o
         0          0          0          0          0          0   entry11a.o
         4          0          0          0          0          0   entry12b.o
         8          4          0          0          0          0   entry2.o
         4          0          0          0          0          0   entry5.o
         0          0          0          0          0          0   entry7b.o
         0          0          0          0          0          0   entry8b.o
         8          4          0          0          0          0   entry9a.o
        30          0          0          0          0          0   handlers.o
        36          8          0          0          0         68   init.o

    ----------------------------------------------------------------------
        90         16          0          0          0         68   Library Totals
         0          0          0          0          0          0   (incl. Padding)

    ----------------------------------------------------------------------

      Code (inc. data)   RO Data    RW Data    ZI Data      Debug   Library Name

        90         16          0          0          0         68   mc_w.l

    ----------------------------------------------------------------------
        90         16          0          0          0         68   Library Totals

    ----------------------------------------------------------------------

==============================================================================


      Code (inc. data)   RO Data    RW Data    ZI Data      Debug   

     17218        690       2342        148      18652     394104   Grand Totals
     17218        690       2342        148      18652     394104   ELF Image Totals
     17218        690       2342        148          0          0   ROM Totals

==============================================================================

    Total RO  Size (Code + RO Data)                19560 (  19.10kB)
    Total RW  Size (RW Data + ZI Data)             18800 (  18.36kB)
    Total ROM Size (Code + RO Data + RW Data)      19708 (  19.25kB)

==============================================================================

